// Jest Snapshot v1, https://goo.gl/fbAQLP

exports[`Chart component SNAPSHOT: should render correctly 1`] = `
Array [
  <h2
    className="MuiTypography-root MuiTypography-h6 MuiTypography-colorPrimary MuiTypography-gutterBottom"
  >
    Today
  </h2>,
  <div
    className="recharts-responsive-container"
    id="undefined"
    style={
      Object {
        "height": "100%",
        "maxHeight": undefined,
        "minHeight": undefined,
        "minWidth": undefined,
        "width": "100%",
      }
    }
  >
    <div />
  </div>,
]
`;
